#-----------------------------------------------------------
# Vivado v2022.1 (64-bit)
# SW Build 3526262 on Mon Apr 18 15:48:16 MDT 2022
# IP Build 3524634 on Mon Apr 18 20:55:01 MDT 2022
# Start of session at: Mon Oct  3 09:31:32 2022
# Process ID: 17804
# Current directory: E:/OneDrive - UNSW/Computer Engineering/COMP3601/i2s_driver/i2s_driver.runs/design_1_audio_pipeline_0_0_synth_1
# Command line: vivado.exe -log design_1_audio_pipeline_0_0.vds -product Vivado -mode batch -messageDb vivado.pb -notrace -source design_1_audio_pipeline_0_0.tcl
# Log file: E:/OneDrive - UNSW/Computer Engineering/COMP3601/i2s_driver/i2s_driver.runs/design_1_audio_pipeline_0_0_synth_1/design_1_audio_pipeline_0_0.vds
# Journal file: E:/OneDrive - UNSW/Computer Engineering/COMP3601/i2s_driver/i2s_driver.runs/design_1_audio_pipeline_0_0_synth_1\vivado.jou
# Running On: DESKTOP-6CAVDAS, OS: Windows, CPU Frequency: 3600 MHz, CPU Physical cores: 16, Host memory: 34306 MB
#-----------------------------------------------------------
source design_1_audio_pipeline_0_0.tcl -notrace
